**********************
Windows PowerShell transcript start
Start time: 20231030094742
Username: LAPTOP-DLE652LJ\kithu
RunAs User: LAPTOP-DLE652LJ\kithu
Configuration Name: 
Machine: LAPTOP-DLE652LJ (Microsoft Windows NT 10.0.22621.0)
Host Application: C:\Windows\System32\WindowsPowerShell\v1.0\powershell.exe -noexit -command try { . "c:\Users\kithu\AppData\Local\Programs\Microsoft VS Code\resources\app\out\vs\workbench\contrib\terminal\browser\media\shellIntegration.ps1" } catch {}
Process ID: 9684
PSVersion: 5.1.22621.2428
PSEdition: Desktop
PSCompatibleVersions: 1.0, 2.0, 3.0, 4.0, 5.0, 5.1.22621.2428
BuildVersion: 10.0.22621.2428
CLRVersion: 4.0.30319.42000
WSManStackVersion: 3.0
PSRemotingProtocolVersion: 2.3
SerializationVersion: 1.1.0.1
**********************
Transcript started, output file is c:\Users\kithu\github-classroom\FPC-advanced\fpc-advanced-classroom-1st-year-assignment-Keerthigdas\set02\problem03_session.txt
PS C:\Users\kithu\github-classroom\FPC-advanced\fpc-advanced-classroom-1st-year-assignment-Keerthigdas> gcc -g "c:\Users\kithu\github-classroom\FPC-advanced\fpc-advanced-classroom-1st-year-assignment-Keerthigdas\set02\problem03.c" -o "c:\Users\kithu\github-classroom\FPC-advanced\fpc-advanced-classroom-1st-year-assignment-Keerthigdas\set02\problem03.exe" 2>&1
gcc : c:\Users\kithu\github-classroom\FPC-advanced\fpc-advanced-classroom-1st-year-assignment-Keerthigdas\set02\problem03.c: In function 'main':
At line:1 char:1
+ gcc -g "c:\Users\kithu\github-classroom\FPC-advanced\fpc-advanced-cla ...
+ ~~~~~~~~~~~~~~~~~~~~~~~~~~~~~~~~~~~~~~~~~~~~~~~~~~~~~~~~~~~~~~~~~~~~~
    + CategoryInfo          : NotSpecified: (c:\Users\kithu\...unction 'main'::String) [], RemoteException
    + FullyQualifiedErrorId : NativeCommandError

c:\Users\kithu\github-classroom\FPC-advanced\fpc-advanced-classroom-1st-year-assignment-Keerthigdas\set02\problem03.c:21:5: error: too few arguments to
function 'is_composite'
     result=is_composite();
     ^
c:\Users\kithu\github-classroom\FPC-advanced\fpc-advanced-classroom-1st-year-assignment-Keerthigdas\set02\problem03.c:14:5: note: declared here
 int is_composite(int n);
     ^
c:\Users\kithu\github-classroom\FPC-advanced\fpc-advanced-classroom-1st-year-assignment-Keerthigdas\set02\problem03.c: In function 'is_composite':
c:\Users\kithu\github-classroom\FPC-advanced\fpc-advanced-classroom-1st-year-assignment-Keerthigdas\set02\problem03.c:33:1: error: number of arguments
doesn't match prototype
 {
 ^
c:\Users\kithu\github-classroom\FPC-advanced\fpc-advanced-classroom-1st-year-assignment-Keerthigdas\set02\problem03.c:14:5: error: prototype declaration
 int is_composite(int n);
     ^

PS C:\Users\kithu\github-classroom\FPC-advanced\fpc-advanced-classroom-1st-year-assignment-Keerthigdas> gcc -g "c:\Users\kithu\github-classroom\FPC-advanced\fpc-advanced-classroom-1st-year-assignment-Keerthigdas\set02\problem01.c" -o "c:\Users\kithu\github-classroom\FPC-advanced\fpc-advanced-classroom-1st-year-assignment-Keerthigdas\set02\problem01.exe" 2>&1

PS C:\Users\kithu\github-classroom\FPC-advanced\fpc-advanced-classroom-1st-year-assignment-Keerthigdas> c:\Users\kithu\github-classroom\FPC-advanced\fpc-advanced-classroom-1st-year-assignment-Keerthigdas\set02\problem01.exe
the area of 2.000000 and 3.000000 is 3.000000
PS C:\Users\kithu\github-classroom\FPC-advanced\fpc-advanced-classroom-1st-year-assignment-Keerthigdas> git add .

PS C:\Users\kithu\github-classroom\FPC-advanced\fpc-advanced-classroom-1st-year-assignment-Keerthigdas> git commit -m "committed 10/30/2023, 9:48:49 AM"

PS C:\Users\kithu\github-classroom\FPC-advanced\fpc-advanced-classroom-1st-year-assignment-Keerthigdas> git push

